../Core/Src/main.c:98:6:set_temperature	16	static
../Core/Src/main.c:102:6:display_mode	8	static
../Core/Src/main.c:129:6:process	16	static
../Core/Src/main.c:166:6:display	8	static
../Core/Src/main.c:178:5:main	24	static
../Core/Src/main.c:250:6:SystemClock_Config	88	static
../Core/Src/main.c:297:13:MX_ADC1_Init	24	static
../Core/Src/main.c:349:13:MX_TIM1_Init	80	static
../Core/Src/main.c:414:13:MX_TIM3_Init	32	static
../Core/Src/main.c:459:13:MX_USART1_UART_Init	8	static
../Core/Src/main.c:492:13:MX_GPIO_Init	48	static
../Core/Src/main.c:566:6:Error_Handler	4	static,ignoring_inline_asm
