../Core/Src/main.c:92:6:set_temperature	16	static
../Core/Src/main.c:96:6:display_mode	8	static
../Core/Src/main.c:123:6:process	16	static
../Core/Src/main.c:157:6:display	8	static
../Core/Src/main.c:171:5:main	24	static
../Core/Src/main.c:238:6:SystemClock_Config	88	static
../Core/Src/main.c:285:13:MX_TIM1_Init	80	static
../Core/Src/main.c:350:13:MX_TIM3_Init	32	static
../Core/Src/main.c:395:13:MX_USART1_UART_Init	8	static
../Core/Src/main.c:428:13:MX_GPIO_Init	48	static
../Core/Src/main.c:489:6:Error_Handler	4	static,ignoring_inline_asm
